// Jest Snapshot v1, https://goo.gl/fbAQLP

exports[`Test <Information/> should init component 1`] = `
<div
  className="info-view"
>
  <div
    className="infoview-container"
  >
    <div
      className="bread-info"
    >
      <lottus-breadcrumb />
    </div>
    <div
      className="info-title"
    >
      <h2 />
    </div>
    <div
      className="info-text"
    >
      <p />
    </div>
    <div
      className="info-price"
    >
      <p />
    </div>
  </div>
</div>
`;
